<?xml version="1.0" encoding="UTF-8"?><persons><person><active>true</active><age>41</age><firstName>Jean</firstName><id>1</id><lastName>BON</lastName></person><person><active>false</active><age>42</age><firstName>Alex</firstName><id>2</id><lastName>THERIEUR</lastName></person><person><active>true</active><age>33</age><firstName>Axelle</firstName><id>3</id><lastName>AIRE</lastName></person><person><active>false</active><age>44</age><firstName>Olie</firstName><id>4</id><lastName>CONDOR</lastName></person><person><active>false</active><age>50</age><firstName>Laurent</firstName><id>5</id><lastName>HOUTAN</lastName></person></persons>