<?xml version="1.0" encoding="UTF-8"?><persons><person><id>1</id><firstName>Jean</firstName><lastName>BON</lastName><age>41</age><active>true</active></person><person><id>2</id><firstName>Alex</firstName><lastName>THERIEUR</lastName><age>42</age><active>false</active></person><person><id>3</id><firstName>Axelle</firstName><lastName>AIRE</lastName><age>33</age><active>true</active></person><person><id>4</id><firstName>Olie</firstName><lastName>CONDOR</lastName><age>44</age><active>false</active></person><person><id>5</id><firstName>Laurent</firstName><lastName>HOUTAN</lastName><age>50</age><active>false</active></person><person><id>6</id><firstName>Jean</firstName><lastName>PEUPLUS</lastName><age>16</age><active>false</active></person></persons>