id;firstname;lastname;age;active
16;prenom16;nom16;33;true
17;prenom17;nom17;33;true
18;prenom18;nom18;33;true
19;prenom19;nom19;33;true
20;prenom20;nom20;33;true
