id;firstname;lastname;age;active
1;Jean;BON;41;true
2;Alex;THERIEUR;42;false
3;Axelle;AIRE;33;true
4;Olie;CONDOR;44;false
5;Laurent;HOUTAN;50;false
6;Jean;PEUPLUS;16;false
